// Jest Snapshot v1, https://goo.gl/fbAQLP

exports[`Else should render successfully 1`] = `<div />`;

exports[`Else show text: Hello World 1`] = `
<div>
  Hello World
</div>
`;
